00:45:28 **** Incremental Build of configuration Debug for project BluePill_STM32F103_Drivers ****
make -j8 all 
arm-none-eabi-gcc "../Drivers/Src/Stm32F103_NVIC.c" -mcpu=cortex-m3 -std=gnu11 -g3 -DDEBUG -DSTM32 -DSTM32F1 -DSTM32F103C8Tx -c -I../Inc -I"D:/0PandaKit/STM32F103_DRIVERS/BluePill_STM32F103_Drivers/Drivers/Inc" -O0 -ffunction-sections -fdata-sections -Wall -fstack-usage -fcyclomatic-complexity -MMD -MP -MF"Drivers/Src/Stm32F103_NVIC.d" -MT"Drivers/Src/Stm32F103_NVIC.o" --specs=nano.specs -mfloat-abi=soft -mthumb -o "Drivers/Src/Stm32F103_NVIC.o"
arm-none-eabi-gcc -o "BluePill_STM32F103_Drivers.elf" @"objects.list"   -mcpu=cortex-m3 -T"D:\0PandaKit\STM32F103_DRIVERS\BluePill_STM32F103_Drivers\STM32F103C8TX_FLASH.ld" --specs=nosys.specs -Wl,-Map="BluePill_STM32F103_Drivers.map" -Wl,--gc-sections -static --specs=nano.specs -mfloat-abi=soft -mthumb -Wl,--start-group -lc -lm -Wl,--end-group
Finished building target: BluePill_STM32F103_Drivers.elf
 
arm-none-eabi-size   BluePill_STM32F103_Drivers.elf 
arm-none-eabi-objdump -h -S  BluePill_STM32F103_Drivers.elf  > "BluePill_STM32F103_Drivers.list"
   text	   data	    bss	    dec	    hex	filename
   1740	      8	   1568	   3316	    cf4	BluePill_STM32F103_Drivers.elf
Finished building: default.size.stdout
 
Finished building: BluePill_STM32F103_Drivers.list
 

00:45:28 Build Finished. 0 errors, 0 warnings. (took 503ms)

