01:02:55 **** Clean-only build of configuration Debug for project BluePill_STM32F103_Drivers ****
make -j8 clean 
rm -rf ./Startup/startup_stm32f103c8tx.d ./Startup/startup_stm32f103c8tx.o
rm -rf ./Src/003LED_Toggle_BTN_INT.cyclo ./Src/003LED_Toggle_BTN_INT.d ./Src/003LED_Toggle_BTN_INT.o ./Src/003LED_Toggle_BTN_INT.su ./Src/syscalls.cyclo ./Src/syscalls.d ./Src/syscalls.o ./Src/syscalls.su ./Src/sysmem.cyclo ./Src/sysmem.d ./Src/sysmem.o ./Src/sysmem.su
rm -rf ./Drivers/Src/Delay_Program.cyclo ./Drivers/Src/Delay_Program.d ./Drivers/Src/Delay_Program.o ./Drivers/Src/Delay_Program.su ./Drivers/Src/RCC_prog.cyclo ./Drivers/Src/RCC_prog.d ./Drivers/Src/RCC_prog.o ./Drivers/Src/RCC_prog.su ./Drivers/Src/Stm32F103_AFIO.cyclo ./Drivers/Src/Stm32F103_AFIO.d ./Drivers/Src/Stm32F103_AFIO.o ./Drivers/Src/Stm32F103_AFIO.su ./Drivers/Src/Stm32F103_EXTI.cyclo ./Drivers/Src/Stm32F103_EXTI.d ./Drivers/Src/Stm32F103_EXTI.o ./Drivers/Src/Stm32F103_EXTI.su ./Drivers/Src/Stm32F103_GPIO.cyclo ./Drivers/Src/Stm32F103_GPIO.d ./Drivers/Src/Stm32F103_GPIO.o ./Drivers/Src/Stm32F103_GPIO.su ./Drivers/Src/Stm32F103_NVIC.cyclo ./Drivers/Src/Stm32F103_NVIC.d ./Drivers/Src/Stm32F103_NVIC.o ./Drivers/Src/Stm32F103_NVIC.su
rm -rf BluePill_STM32F103_Drivers.elf BluePill_STM32F103_Drivers.list BluePill_STM32F103_Drivers.map default.size.stdout
 
01:02:56 **** Build of configuration Debug for project BluePill_STM32F103_Drivers ****
make -j8 all 
arm-none-eabi-gcc -mcpu=cortex-m3 -g3 -DDEBUG -c -x assembler-with-cpp -MMD -MP -MF"Startup/startup_stm32f103c8tx.d" -MT"Startup/startup_stm32f103c8tx.o" --specs=nano.specs -mfloat-abi=soft -mthumb -o "Startup/startup_stm32f103c8tx.o" "../Startup/startup_stm32f103c8tx.s"
arm-none-eabi-gcc "../Src/003LED_Toggle_BTN_INT.c" -mcpu=cortex-m3 -std=gnu11 -g3 -DDEBUG -DSTM32 -DSTM32F1 -DSTM32F103C8Tx -c -I../Inc -I"D:/0PandaKit/stm32F103c8t6-main/STM32F103_DRIVERS/BluePill_STM32F103_Drivers/Drivers/Inc" -O0 -ffunction-sections -fdata-sections -Wall -fstack-usage -fcyclomatic-complexity -MMD -MP -MF"Src/003LED_Toggle_BTN_INT.d" -MT"Src/003LED_Toggle_BTN_INT.o" --specs=nano.specs -mfloat-abi=soft -mthumb -o "Src/003LED_Toggle_BTN_INT.o"
arm-none-eabi-gcc "../Src/syscalls.c" -mcpu=cortex-m3 -std=gnu11 -g3 -DDEBUG -DSTM32 -DSTM32F1 -DSTM32F103C8Tx -c -I../Inc -I"D:/0PandaKit/stm32F103c8t6-main/STM32F103_DRIVERS/BluePill_STM32F103_Drivers/Drivers/Inc" -O0 -ffunction-sections -fdata-sections -Wall -fstack-usage -fcyclomatic-complexity -MMD -MP -MF"Src/syscalls.d" -MT"Src/syscalls.o" --specs=nano.specs -mfloat-abi=soft -mthumb -o "Src/syscalls.o"
arm-none-eabi-gcc "../Src/sysmem.c" -mcpu=cortex-m3 -std=gnu11 -g3 -DDEBUG -DSTM32 -DSTM32F1 -DSTM32F103C8Tx -c -I../Inc -I"D:/0PandaKit/stm32F103c8t6-main/STM32F103_DRIVERS/BluePill_STM32F103_Drivers/Drivers/Inc" -O0 -ffunction-sections -fdata-sections -Wall -fstack-usage -fcyclomatic-complexity -MMD -MP -MF"Src/sysmem.d" -MT"Src/sysmem.o" --specs=nano.specs -mfloat-abi=soft -mthumb -o "Src/sysmem.o"
arm-none-eabi-gcc "../Drivers/Src/Delay_Program.c" -mcpu=cortex-m3 -std=gnu11 -g3 -DDEBUG -DSTM32 -DSTM32F1 -DSTM32F103C8Tx -c -I../Inc -I"D:/0PandaKit/stm32F103c8t6-main/STM32F103_DRIVERS/BluePill_STM32F103_Drivers/Drivers/Inc" -O0 -ffunction-sections -fdata-sections -Wall -fstack-usage -fcyclomatic-complexity -MMD -MP -MF"Drivers/Src/Delay_Program.d" -MT"Drivers/Src/Delay_Program.o" --specs=nano.specs -mfloat-abi=soft -mthumb -o "Drivers/Src/Delay_Program.o"
arm-none-eabi-gcc "../Drivers/Src/RCC_prog.c" -mcpu=cortex-m3 -std=gnu11 -g3 -DDEBUG -DSTM32 -DSTM32F1 -DSTM32F103C8Tx -c -I../Inc -I"D:/0PandaKit/stm32F103c8t6-main/STM32F103_DRIVERS/BluePill_STM32F103_Drivers/Drivers/Inc" -O0 -ffunction-sections -fdata-sections -Wall -fstack-usage -fcyclomatic-complexity -MMD -MP -MF"Drivers/Src/RCC_prog.d" -MT"Drivers/Src/RCC_prog.o" --specs=nano.specs -mfloat-abi=soft -mthumb -o "Drivers/Src/RCC_prog.o"
arm-none-eabi-gcc "../Drivers/Src/Stm32F103_AFIO.c" -mcpu=cortex-m3 -std=gnu11 -g3 -DDEBUG -DSTM32 -DSTM32F1 -DSTM32F103C8Tx -c -I../Inc -I"D:/0PandaKit/stm32F103c8t6-main/STM32F103_DRIVERS/BluePill_STM32F103_Drivers/Drivers/Inc" -O0 -ffunction-sections -fdata-sections -Wall -fstack-usage -fcyclomatic-complexity -MMD -MP -MF"Drivers/Src/Stm32F103_AFIO.d" -MT"Drivers/Src/Stm32F103_AFIO.o" --specs=nano.specs -mfloat-abi=soft -mthumb -o "Drivers/Src/Stm32F103_AFIO.o"
arm-none-eabi-gcc "../Drivers/Src/Stm32F103_EXTI.c" -mcpu=cortex-m3 -std=gnu11 -g3 -DDEBUG -DSTM32 -DSTM32F1 -DSTM32F103C8Tx -c -I../Inc -I"D:/0PandaKit/stm32F103c8t6-main/STM32F103_DRIVERS/BluePill_STM32F103_Drivers/Drivers/Inc" -O0 -ffunction-sections -fdata-sections -Wall -fstack-usage -fcyclomatic-complexity -MMD -MP -MF"Drivers/Src/Stm32F103_EXTI.d" -MT"Drivers/Src/Stm32F103_EXTI.o" --specs=nano.specs -mfloat-abi=soft -mthumb -o "Drivers/Src/Stm32F103_EXTI.o"
arm-none-eabi-gcc "../Drivers/Src/Stm32F103_GPIO.c" -mcpu=cortex-m3 -std=gnu11 -g3 -DDEBUG -DSTM32 -DSTM32F1 -DSTM32F103C8Tx -c -I../Inc -I"D:/0PandaKit/stm32F103c8t6-main/STM32F103_DRIVERS/BluePill_STM32F103_Drivers/Drivers/Inc" -O0 -ffunction-sections -fdata-sections -Wall -fstack-usage -fcyclomatic-complexity -MMD -MP -MF"Drivers/Src/Stm32F103_GPIO.d" -MT"Drivers/Src/Stm32F103_GPIO.o" --specs=nano.specs -mfloat-abi=soft -mthumb -o "Drivers/Src/Stm32F103_GPIO.o"
arm-none-eabi-gcc "../Drivers/Src/Stm32F103_NVIC.c" -mcpu=cortex-m3 -std=gnu11 -g3 -DDEBUG -DSTM32 -DSTM32F1 -DSTM32F103C8Tx -c -I../Inc -I"D:/0PandaKit/stm32F103c8t6-main/STM32F103_DRIVERS/BluePill_STM32F103_Drivers/Drivers/Inc" -O0 -ffunction-sections -fdata-sections -Wall -fstack-usage -fcyclomatic-complexity -MMD -MP -MF"Drivers/Src/Stm32F103_NVIC.d" -MT"Drivers/Src/Stm32F103_NVIC.o" --specs=nano.specs -mfloat-abi=soft -mthumb -o "Drivers/Src/Stm32F103_NVIC.o"
arm-none-eabi-gcc -o "BluePill_STM32F103_Drivers.elf" @"objects.list"   -mcpu=cortex-m3 -T"D:\0PandaKit\stm32F103c8t6-main\STM32F103_DRIVERS\BluePill_STM32F103_Drivers\STM32F103C8TX_FLASH.ld" --specs=nosys.specs -Wl,-Map="BluePill_STM32F103_Drivers.map" -Wl,--gc-sections -static --specs=nano.specs -mfloat-abi=soft -mthumb -Wl,--start-group -lc -lm -Wl,--end-group
Finished building target: BluePill_STM32F103_Drivers.elf
 
arm-none-eabi-size   BluePill_STM32F103_Drivers.elf 
arm-none-eabi-objdump -h -S  BluePill_STM32F103_Drivers.elf  > "BluePill_STM32F103_Drivers.list"
   text	   data	    bss	    dec	    hex	filename
   1740	      8	   1568	   3316	    cf4	BluePill_STM32F103_Drivers.elf
Finished building: default.size.stdout
 
Finished building: BluePill_STM32F103_Drivers.list
 
